- op: remove
  path: /components/schemas/Pet/properties/tags/items/xml
